// Jest Snapshot v1, https://goo.gl/fbAQLP

exports[`Serialization Expressions Packing & Unpacking 1`] = `
"
        (
            template_id (static_id 0 (\\"serialization.test.ts\\" 9))
            storage ()
            storage_type ((option \\"string\\"))
            messages ((entry_point_1 True False False True (\\"serialization.test.ts\\" 12) ((set_type (params (\\"serialization.test.ts\\" 12)) \\"unit\\" (\\"serialization.test.ts\\" 17)) (set (data) (unpack (pack (params (\\"serialization.test.ts\\" 12)) (\\"serialization.test.ts\\" 12)) \\"string\\" (\\"serialization.test.ts\\" 12)) (\\"serialization.test.ts\\" 12)))))
            flags ()
            privates ()
            views ()
            entry_points_layout ()
            initial_metadata ()
            balance (literal (mutez 0) (\\"serialization.test.ts\\" 9))
        )
        "
`;

exports[`Serialization Expressions Packing & Unpacking 2`] = `
"{
    \\"micheline\\": \\"parameter (unit %entry_point_1);\\\\nstorage   (option string);\\\\ncode\\\\n  {\\\\n    CAR;        # @parameter\\\\n    # == entry_point_1 ==\\\\n    # self.data = sp.unpack(sp.pack(params), sp.TString) # @parameter\\\\n    PACK;       # bytes\\\\n    UNPACK string; # option string\\\\n    NIL operation; # list operation : option string\\\\n    PAIR;       # pair (list operation) (option string)\\\\n  };\\",
    \\"json\\": [
        {
            \\"prim\\": \\"storage\\",
            \\"args\\": [
                {
                    \\"prim\\": \\"option\\",
                    \\"args\\": [
                        {
                            \\"prim\\": \\"string\\"
                        }
                    ]
                }
            ]
        },
        {
            \\"prim\\": \\"parameter\\",
            \\"args\\": [
                {
                    \\"prim\\": \\"unit\\",
                    \\"annots\\": [
                        \\"%entry_point_1\\"
                    ]
                }
            ]
        },
        {
            \\"prim\\": \\"code\\",
            \\"args\\": [
                [
                    {
                        \\"prim\\": \\"CAR\\"
                    },
                    {
                        \\"prim\\": \\"PACK\\"
                    },
                    {
                        \\"prim\\": \\"UNPACK\\",
                        \\"args\\": [
                            {
                                \\"prim\\": \\"string\\"
                            }
                        ]
                    },
                    {
                        \\"prim\\": \\"NIL\\",
                        \\"args\\": [
                            {
                                \\"prim\\": \\"operation\\"
                            }
                        ]
                    },
                    {
                        \\"prim\\": \\"PAIR\\"
                    }
                ]
            ]
        }
    ]
}"
`;
